Archive member included because of file (symbol)

d:/programs/01- embedded systems avr tools/01- imt sdk/imt_sdk_win_64/winavr/bin/../lib/gcc/avr/4.3.3/avr5\libgcc.a(_udivmodhi4.o)
                              ./SLAVE/02-HAL/03-ULTRASONIC/ULTRASONIC_program.o (__udivmodhi4)
d:/programs/01- embedded systems avr tools/01- imt sdk/imt_sdk_win_64/winavr/bin/../lib/gcc/avr/4.3.3/avr5\libgcc.a(_exit.o)
                              d:/programs/01- embedded systems avr tools/01- imt sdk/imt_sdk_win_64/winavr/bin/../lib/gcc/avr/4.3.3/../../../../avr/lib/avr5/crtm32.o (exit)
d:/programs/01- embedded systems avr tools/01- imt sdk/imt_sdk_win_64/winavr/bin/../lib/gcc/avr/4.3.3/avr5\libgcc.a(_copy_data.o)
                              ./SLAVE/03-APP/APP_program.o (__do_copy_data)
d:/programs/01- embedded systems avr tools/01- imt sdk/imt_sdk_win_64/winavr/bin/../lib/gcc/avr/4.3.3/avr5\libgcc.a(_clear_bss.o)
                              ./SLAVE/03-APP/APP_program.o (__do_clear_bss)

Memory Configuration

Name             Origin             Length             Attributes
text             0x00000000         0x00020000         xr
data             0x00800060         0x0000ffa0         rw !x
eeprom           0x00810000         0x00010000         rw !x
fuse             0x00820000         0x00000400         rw !x
lock             0x00830000         0x00000400         rw !x
signature        0x00840000         0x00000400         rw !x
*default*        0x00000000         0xffffffff

Linker script and memory map

LOAD d:/programs/01- embedded systems avr tools/01- imt sdk/imt_sdk_win_64/winavr/bin/../lib/gcc/avr/4.3.3/../../../../avr/lib/avr5/crtm32.o
LOAD ./SLAVE/03-APP/APP_program.o
LOAD ./SLAVE/03-APP/main.o
LOAD ./SLAVE/02-HAL/04-LED/LED_program.o
LOAD ./SLAVE/02-HAL/03-ULTRASONIC/ULTRASONIC_program.o
LOAD ./SLAVE/01-MCAL/04-USART/USART_program.o
LOAD ./SLAVE/01-MCAL/03-TIMER/TIMER1_program.o
LOAD ./SLAVE/01-MCAL/03-TIMER/TIMER_program.o
LOAD ./SLAVE/01-MCAL/01-DIO/DIO_program.o
LOAD d:/programs/01- embedded systems avr tools/01- imt sdk/imt_sdk_win_64/winavr/bin/../lib/gcc/avr/4.3.3/avr5\libgcc.a
LOAD d:/programs/01- embedded systems avr tools/01- imt sdk/imt_sdk_win_64/winavr/bin/../lib/gcc/avr/4.3.3/../../../../avr/lib/avr5\libc.a
LOAD d:/programs/01- embedded systems avr tools/01- imt sdk/imt_sdk_win_64/winavr/bin/../lib/gcc/avr/4.3.3/avr5\libgcc.a

.hash
 *(.hash)

.dynsym
 *(.dynsym)

.dynstr
 *(.dynstr)

.gnu.version
 *(.gnu.version)

.gnu.version_d
 *(.gnu.version_d)

.gnu.version_r
 *(.gnu.version_r)

.rel.init
 *(.rel.init)

.rela.init
 *(.rela.init)

.rel.text
 *(.rel.text)
 *(.rel.text.*)
 *(.rel.gnu.linkonce.t*)

.rela.text
 *(.rela.text)
 *(.rela.text.*)
 *(.rela.gnu.linkonce.t*)

.rel.fini
 *(.rel.fini)

.rela.fini
 *(.rela.fini)

.rel.rodata
 *(.rel.rodata)
 *(.rel.rodata.*)
 *(.rel.gnu.linkonce.r*)

.rela.rodata
 *(.rela.rodata)
 *(.rela.rodata.*)
 *(.rela.gnu.linkonce.r*)

.rel.data
 *(.rel.data)
 *(.rel.data.*)
 *(.rel.gnu.linkonce.d*)

.rela.data
 *(.rela.data)
 *(.rela.data.*)
 *(.rela.gnu.linkonce.d*)

.rel.ctors
 *(.rel.ctors)

.rela.ctors
 *(.rela.ctors)

.rel.dtors
 *(.rel.dtors)

.rela.dtors
 *(.rela.dtors)

.rel.got
 *(.rel.got)

.rela.got
 *(.rela.got)

.rel.bss
 *(.rel.bss)

.rela.bss
 *(.rela.bss)

.rel.plt
 *(.rel.plt)

.rela.plt
 *(.rela.plt)

.text           0x00000000      0x57a
 *(.vectors)
 .vectors       0x00000000       0x54 d:/programs/01- embedded systems avr tools/01- imt sdk/imt_sdk_win_64/winavr/bin/../lib/gcc/avr/4.3.3/../../../../avr/lib/avr5/crtm32.o
                0x00000000                __vectors
                0x00000000                __vector_default
 *(.vectors)
 *(.progmem.gcc*)
 *(.progmem*)
                0x00000054                . = ALIGN (0x2)
                0x00000054                __trampolines_start = .
 *(.trampolines)
 .trampolines   0x00000054        0x0 linker stubs
 *(.trampolines*)
                0x00000054                __trampolines_end = .
 *(.jumptables)
 *(.jumptables*)
 *(.lowtext)
 *(.lowtext*)
                0x00000054                __ctors_start = .
 *(.ctors)
                0x00000054                __ctors_end = .
                0x00000054                __dtors_start = .
 *(.dtors)
                0x00000054                __dtors_end = .
 SORT(*)(.ctors)
 SORT(*)(.dtors)
 *(.init0)
 .init0         0x00000054        0x0 d:/programs/01- embedded systems avr tools/01- imt sdk/imt_sdk_win_64/winavr/bin/../lib/gcc/avr/4.3.3/../../../../avr/lib/avr5/crtm32.o
                0x00000054                __init
 *(.init0)
 *(.init1)
 *(.init1)
 *(.init2)
 .init2         0x00000054        0xc d:/programs/01- embedded systems avr tools/01- imt sdk/imt_sdk_win_64/winavr/bin/../lib/gcc/avr/4.3.3/../../../../avr/lib/avr5/crtm32.o
 *(.init2)
 *(.init3)
 *(.init3)
 *(.init4)
 .init4         0x00000060       0x16 d:/programs/01- embedded systems avr tools/01- imt sdk/imt_sdk_win_64/winavr/bin/../lib/gcc/avr/4.3.3/avr5\libgcc.a(_copy_data.o)
                0x00000060                __do_copy_data
 .init4         0x00000076       0x10 d:/programs/01- embedded systems avr tools/01- imt sdk/imt_sdk_win_64/winavr/bin/../lib/gcc/avr/4.3.3/avr5\libgcc.a(_clear_bss.o)
                0x00000076                __do_clear_bss
 *(.init4)
 *(.init5)
 *(.init5)
 *(.init6)
 *(.init6)
 *(.init7)
 *(.init7)
 *(.init8)
 *(.init8)
 *(.init9)
 .init9         0x00000086        0x8 d:/programs/01- embedded systems avr tools/01- imt sdk/imt_sdk_win_64/winavr/bin/../lib/gcc/avr/4.3.3/../../../../avr/lib/avr5/crtm32.o
 *(.init9)
 *(.text)
 .text          0x0000008e        0x4 d:/programs/01- embedded systems avr tools/01- imt sdk/imt_sdk_win_64/winavr/bin/../lib/gcc/avr/4.3.3/../../../../avr/lib/avr5/crtm32.o
                0x0000008e                __vector_1
                0x0000008e                __vector_12
                0x0000008e                __bad_interrupt
                0x0000008e                __vector_6
                0x0000008e                __vector_3
                0x0000008e                __vector_11
                0x0000008e                __vector_13
                0x0000008e                __vector_17
                0x0000008e                __vector_19
                0x0000008e                __vector_7
                0x0000008e                __vector_5
                0x0000008e                __vector_4
                0x0000008e                __vector_9
                0x0000008e                __vector_2
                0x0000008e                __vector_15
                0x0000008e                __vector_8
                0x0000008e                __vector_14
                0x0000008e                __vector_10
                0x0000008e                __vector_16
                0x0000008e                __vector_18
                0x0000008e                __vector_20
 .text          0x00000092        0x0 ./SLAVE/03-APP/APP_program.o
 .text          0x00000092        0x0 ./SLAVE/03-APP/main.o
 .text          0x00000092        0x0 ./SLAVE/02-HAL/04-LED/LED_program.o
 .text          0x00000092        0x0 ./SLAVE/02-HAL/03-ULTRASONIC/ULTRASONIC_program.o
 .text          0x00000092        0x0 ./SLAVE/01-MCAL/04-USART/USART_program.o
 .text          0x00000092        0x0 ./SLAVE/01-MCAL/03-TIMER/TIMER1_program.o
 .text          0x00000092        0x0 ./SLAVE/01-MCAL/03-TIMER/TIMER_program.o
 .text          0x00000092        0x0 ./SLAVE/01-MCAL/01-DIO/DIO_program.o
 .text          0x00000092        0x0 d:/programs/01- embedded systems avr tools/01- imt sdk/imt_sdk_win_64/winavr/bin/../lib/gcc/avr/4.3.3/avr5\libgcc.a(_udivmodhi4.o)
 .text          0x00000092        0x0 d:/programs/01- embedded systems avr tools/01- imt sdk/imt_sdk_win_64/winavr/bin/../lib/gcc/avr/4.3.3/avr5\libgcc.a(_exit.o)
 .text          0x00000092        0x0 d:/programs/01- embedded systems avr tools/01- imt sdk/imt_sdk_win_64/winavr/bin/../lib/gcc/avr/4.3.3/avr5\libgcc.a(_copy_data.o)
 .text          0x00000092        0x0 d:/programs/01- embedded systems avr tools/01- imt sdk/imt_sdk_win_64/winavr/bin/../lib/gcc/avr/4.3.3/avr5\libgcc.a(_clear_bss.o)
                0x00000092                . = ALIGN (0x2)
 *(.text.*)
 .text.APP_voidControlLighting
                0x00000092       0x96 ./SLAVE/03-APP/APP_program.o
                0x00000092                APP_voidControlLighting
 .text.APP_voidSystemInit
                0x00000128       0x26 ./SLAVE/03-APP/APP_program.o
                0x00000128                APP_voidSystemInit
 .text.main     0x0000014e       0x20 ./SLAVE/03-APP/main.o
                0x0000014e                main
 .text.LED_voidSetLevel
                0x0000016e       0x18 ./SLAVE/02-HAL/04-LED/LED_program.o
                0x0000016e                LED_voidSetLevel
 .text.LED_voidInit
                0x00000186       0x10 ./SLAVE/02-HAL/04-LED/LED_program.o
                0x00000186                LED_voidInit
 .text.ULTRASONIC_voidTrigger
                0x00000196       0x2a ./SLAVE/02-HAL/03-ULTRASONIC/ULTRASONIC_program.o
                0x00000196                ULTRASONIC_voidTrigger
 .text.ULTRASONIC_u16GetDistance
                0x000001c0       0xb0 ./SLAVE/02-HAL/03-ULTRASONIC/ULTRASONIC_program.o
                0x000001c0                ULTRASONIC_u16GetDistance
 .text.ULTRASONIC_voidInit
                0x00000270       0x30 ./SLAVE/02-HAL/03-ULTRASONIC/ULTRASONIC_program.o
                0x00000270                ULTRASONIC_voidInit
 .text.USART_voidInit
                0x000002a0       0x10 ./SLAVE/01-MCAL/04-USART/USART_program.o
                0x000002a0                USART_voidInit
 .text.USART_voidSendByte
                0x000002b0        0x8 ./SLAVE/01-MCAL/04-USART/USART_program.o
                0x000002b0                USART_voidSendByte
 .text.USART_u8IsDataAvailable
                0x000002b8        0xa ./SLAVE/01-MCAL/04-USART/USART_program.o
                0x000002b8                USART_u8IsDataAvailable
 .text.USART_u8ReceiveByte
                0x000002c2        0x8 ./SLAVE/01-MCAL/04-USART/USART_program.o
                0x000002c2                USART_u8ReceiveByte
 .text.TIMER1_voidInit
                0x000002ca        0x8 ./SLAVE/01-MCAL/03-TIMER/TIMER1_program.o
                0x000002ca                TIMER1_voidInit
 .text.TIMER1_voidSetICUEdgeTrigger
                0x000002d2       0x12 ./SLAVE/01-MCAL/03-TIMER/TIMER1_program.o
                0x000002d2                TIMER1_voidSetICUEdgeTrigger
 .text.TIMER1_voidClearICUFlag
                0x000002e4        0x6 ./SLAVE/01-MCAL/03-TIMER/TIMER1_program.o
                0x000002e4                TIMER1_voidClearICUFlag
 .text.TIMER1_u8GetICUFlag
                0x000002ea        0xa ./SLAVE/01-MCAL/03-TIMER/TIMER1_program.o
                0x000002ea                TIMER1_u8GetICUFlag
 .text.TIMER1_u16GetICUValue
                0x000002f4        0x8 ./SLAVE/01-MCAL/03-TIMER/TIMER1_program.o
                0x000002f4                TIMER1_u16GetICUValue
 .text.TIMER1_voidSetTimerValue
                0x000002fc        0x6 ./SLAVE/01-MCAL/03-TIMER/TIMER1_program.o
                0x000002fc                TIMER1_voidSetTimerValue
 .text.TIMER1_voidStop
                0x00000302        0x4 ./SLAVE/01-MCAL/03-TIMER/TIMER1_program.o
                0x00000302                TIMER1_voidStop
 .text.TIMER_voidTimer0Init
                0x00000306        0x8 ./SLAVE/01-MCAL/03-TIMER/TIMER_program.o
                0x00000306                TIMER_voidTimer0Init
 .text.TIMER_voidTimer0SetCompareValue
                0x0000030e        0x4 ./SLAVE/01-MCAL/03-TIMER/TIMER_program.o
                0x0000030e                TIMER_voidTimer0SetCompareValue
 .text.DIO_voidSetPinDirection
                0x00000312       0xdc ./SLAVE/01-MCAL/01-DIO/DIO_program.o
                0x00000312                DIO_voidSetPinDirection
 .text.DIO_voidSetPinValue
                0x000003ee       0xdc ./SLAVE/01-MCAL/01-DIO/DIO_program.o
                0x000003ee                DIO_voidSetPinValue
 .text.DIO_voidGetPinValue
                0x000004ca       0x40 ./SLAVE/01-MCAL/01-DIO/DIO_program.o
                0x000004ca                DIO_voidGetPinValue
 .text.DIO_voidSetPortDirection
                0x0000050a       0x22 ./SLAVE/01-MCAL/01-DIO/DIO_program.o
                0x0000050a                DIO_voidSetPortDirection
 .text.DIO_voidSetPortValue
                0x0000052c       0x22 ./SLAVE/01-MCAL/01-DIO/DIO_program.o
                0x0000052c                DIO_voidSetPortValue
 .text.libgcc   0x0000054e       0x28 d:/programs/01- embedded systems avr tools/01- imt sdk/imt_sdk_win_64/winavr/bin/../lib/gcc/avr/4.3.3/avr5\libgcc.a(_udivmodhi4.o)
                0x0000054e                __udivmodhi4
 .text.libgcc   0x00000576        0x0 d:/programs/01- embedded systems avr tools/01- imt sdk/imt_sdk_win_64/winavr/bin/../lib/gcc/avr/4.3.3/avr5\libgcc.a(_exit.o)
 .text.libgcc   0x00000576        0x0 d:/programs/01- embedded systems avr tools/01- imt sdk/imt_sdk_win_64/winavr/bin/../lib/gcc/avr/4.3.3/avr5\libgcc.a(_copy_data.o)
 .text.libgcc   0x00000576        0x0 d:/programs/01- embedded systems avr tools/01- imt sdk/imt_sdk_win_64/winavr/bin/../lib/gcc/avr/4.3.3/avr5\libgcc.a(_clear_bss.o)
                0x00000576                . = ALIGN (0x2)
 *(.fini9)
 .fini9         0x00000576        0x0 d:/programs/01- embedded systems avr tools/01- imt sdk/imt_sdk_win_64/winavr/bin/../lib/gcc/avr/4.3.3/avr5\libgcc.a(_exit.o)
                0x00000576                exit
                0x00000576                _exit
 *(.fini9)
 *(.fini8)
 *(.fini8)
 *(.fini7)
 *(.fini7)
 *(.fini6)
 *(.fini6)
 *(.fini5)
 *(.fini5)
 *(.fini4)
 *(.fini4)
 *(.fini3)
 *(.fini3)
 *(.fini2)
 *(.fini2)
 *(.fini1)
 *(.fini1)
 *(.fini0)
 .fini0         0x00000576        0x4 d:/programs/01- embedded systems avr tools/01- imt sdk/imt_sdk_win_64/winavr/bin/../lib/gcc/avr/4.3.3/avr5\libgcc.a(_exit.o)
 *(.fini0)
                0x0000057a                _etext = .

.data           0x00800060        0x6 load address 0x0000057a
                0x00800060                PROVIDE (__data_start, .)
 *(.data)
 .data          0x00800060        0x0 d:/programs/01- embedded systems avr tools/01- imt sdk/imt_sdk_win_64/winavr/bin/../lib/gcc/avr/4.3.3/../../../../avr/lib/avr5/crtm32.o
 .data          0x00800060        0x0 ./SLAVE/03-APP/APP_program.o
 .data          0x00800060        0x0 ./SLAVE/03-APP/main.o
 .data          0x00800060        0x0 ./SLAVE/02-HAL/04-LED/LED_program.o
 .data          0x00800060        0x0 ./SLAVE/02-HAL/03-ULTRASONIC/ULTRASONIC_program.o
 .data          0x00800060        0x0 ./SLAVE/01-MCAL/04-USART/USART_program.o
 .data          0x00800060        0x0 ./SLAVE/01-MCAL/03-TIMER/TIMER1_program.o
 .data          0x00800060        0x0 ./SLAVE/01-MCAL/03-TIMER/TIMER_program.o
 .data          0x00800060        0x0 ./SLAVE/01-MCAL/01-DIO/DIO_program.o
 .data          0x00800060        0x0 d:/programs/01- embedded systems avr tools/01- imt sdk/imt_sdk_win_64/winavr/bin/../lib/gcc/avr/4.3.3/avr5\libgcc.a(_udivmodhi4.o)
 .data          0x00800060        0x0 d:/programs/01- embedded systems avr tools/01- imt sdk/imt_sdk_win_64/winavr/bin/../lib/gcc/avr/4.3.3/avr5\libgcc.a(_exit.o)
 .data          0x00800060        0x0 d:/programs/01- embedded systems avr tools/01- imt sdk/imt_sdk_win_64/winavr/bin/../lib/gcc/avr/4.3.3/avr5\libgcc.a(_copy_data.o)
 .data          0x00800060        0x0 d:/programs/01- embedded systems avr tools/01- imt sdk/imt_sdk_win_64/winavr/bin/../lib/gcc/avr/4.3.3/avr5\libgcc.a(_clear_bss.o)
 *(.data*)
 .data.APP_u8LastStatusByte
                0x00800060        0x1 ./SLAVE/03-APP/APP_program.o
 .data.APP_u8LastAppliedLevel.1314
                0x00800061        0x1 ./SLAVE/03-APP/APP_program.o
 *(.rodata)
 *(.rodata*)
 .rodata.APP_strUltrasonic
                0x00800062        0x4 ./SLAVE/03-APP/APP_program.o
 *(.gnu.linkonce.d*)
                0x00800066                . = ALIGN (0x2)
                0x00800066                _edata = .
                0x00800066                PROVIDE (__data_end, .)

.bss            0x00800066        0x2
                0x00800066                PROVIDE (__bss_start, .)
 *(.bss)
 .bss           0x00800066        0x0 d:/programs/01- embedded systems avr tools/01- imt sdk/imt_sdk_win_64/winavr/bin/../lib/gcc/avr/4.3.3/../../../../avr/lib/avr5/crtm32.o
 .bss           0x00800066        0x0 ./SLAVE/03-APP/APP_program.o
 .bss           0x00800066        0x0 ./SLAVE/03-APP/main.o
 .bss           0x00800066        0x0 ./SLAVE/02-HAL/04-LED/LED_program.o
 .bss           0x00800066        0x0 ./SLAVE/02-HAL/03-ULTRASONIC/ULTRASONIC_program.o
 .bss           0x00800066        0x0 ./SLAVE/01-MCAL/04-USART/USART_program.o
 .bss           0x00800066        0x0 ./SLAVE/01-MCAL/03-TIMER/TIMER1_program.o
 .bss           0x00800066        0x0 ./SLAVE/01-MCAL/03-TIMER/TIMER_program.o
 .bss           0x00800066        0x0 ./SLAVE/01-MCAL/01-DIO/DIO_program.o
 .bss           0x00800066        0x0 d:/programs/01- embedded systems avr tools/01- imt sdk/imt_sdk_win_64/winavr/bin/../lib/gcc/avr/4.3.3/avr5\libgcc.a(_udivmodhi4.o)
 .bss           0x00800066        0x0 d:/programs/01- embedded systems avr tools/01- imt sdk/imt_sdk_win_64/winavr/bin/../lib/gcc/avr/4.3.3/avr5\libgcc.a(_exit.o)
 .bss           0x00800066        0x0 d:/programs/01- embedded systems avr tools/01- imt sdk/imt_sdk_win_64/winavr/bin/../lib/gcc/avr/4.3.3/avr5\libgcc.a(_copy_data.o)
 .bss           0x00800066        0x0 d:/programs/01- embedded systems avr tools/01- imt sdk/imt_sdk_win_64/winavr/bin/../lib/gcc/avr/4.3.3/avr5\libgcc.a(_clear_bss.o)
 *(.bss*)
 .bss.APP_u8Hold
                0x00800066        0x1 ./SLAVE/03-APP/APP_program.o
 .bss.APP_u8SavedManualLevel.1303
                0x00800067        0x1 ./SLAVE/03-APP/APP_program.o
 *(COMMON)
                0x00800068                PROVIDE (__bss_end, .)
                0x0000057a                __data_load_start = LOADADDR (.data)
                0x00000580                __data_load_end = (__data_load_start + SIZEOF (.data))

.noinit         0x00800068        0x0
                0x00800068                PROVIDE (__noinit_start, .)
 *(.noinit*)
                0x00800068                PROVIDE (__noinit_end, .)
                0x00800068                _end = .
                0x00800068                PROVIDE (__heap_start, .)

.eeprom         0x00810000        0x0
 *(.eeprom*)
                0x00810000                __eeprom_end = .

.fuse
 *(.fuse)
 *(.lfuse)
 *(.hfuse)
 *(.efuse)

.lock
 *(.lock*)

.signature
 *(.signature*)

.stab           0x00000000     0x174c
 *(.stab)
 .stab          0x00000000      0x510 ./SLAVE/03-APP/APP_program.o
 .stab          0x00000510      0x228 ./SLAVE/03-APP/main.o
                                0x42c (size before relaxing)
 .stab          0x00000738      0x1f8 ./SLAVE/02-HAL/04-LED/LED_program.o
                                0x204 (size before relaxing)
 .stab          0x00000930      0x378 ./SLAVE/02-HAL/03-ULTRASONIC/ULTRASONIC_program.o
                                0x510 (size before relaxing)
 .stab          0x00000ca8      0x258 ./SLAVE/01-MCAL/04-USART/USART_program.o
                                0x264 (size before relaxing)
 .stab          0x00000f00      0x2d0 ./SLAVE/01-MCAL/03-TIMER/TIMER1_program.o
                                0x2dc (size before relaxing)
 .stab          0x000011d0      0x15c ./SLAVE/01-MCAL/03-TIMER/TIMER_program.o
                                0x1d4 (size before relaxing)
 .stab          0x0000132c      0x420 ./SLAVE/01-MCAL/01-DIO/DIO_program.o
                                0x5ac (size before relaxing)

.stabstr        0x00000000     0x1245
 *(.stabstr)
 .stabstr       0x00000000     0x1245 ./SLAVE/03-APP/APP_program.o

.stab.excl
 *(.stab.excl)

.stab.exclstr
 *(.stab.exclstr)

.stab.index
 *(.stab.index)

.stab.indexstr
 *(.stab.indexstr)

.comment
 *(.comment)

.debug
 *(.debug)

.line
 *(.line)

.debug_srcinfo
 *(.debug_srcinfo)

.debug_sfnames
 *(.debug_sfnames)

.debug_aranges
 *(.debug_aranges)

.debug_pubnames
 *(.debug_pubnames)

.debug_info
 *(.debug_info)
 *(.gnu.linkonce.wi.*)

.debug_abbrev
 *(.debug_abbrev)

.debug_line
 *(.debug_line)

.debug_frame
 *(.debug_frame)

.debug_str
 *(.debug_str)

.debug_loc
 *(.debug_loc)

.debug_macinfo
 *(.debug_macinfo)
OUTPUT(zone23.elf elf32-avr)
LOAD linker stubs
